  console.log
    ≡ƒöÄ Debug: Detected Title: "Test Movie (2023)"

      at getMeta (src/node/meta.ts:51:13)

  console.log
    ≡ƒò╡∩╕ÅΓÇìΓÖÇ∩╕Å Initial check failed, scanning content for episodes...

      at getMeta (src/node/meta.ts:63:15)

  console.log
    ≡ƒöÄ Debug: Determined Type: "movie"

      at getMeta (src/node/meta.ts:73:13)

  console.log
    ≡ƒöÄ Debug: Detected Title: "Test Series Season 1"

      at getMeta (src/node/meta.ts:51:13)

  console.log
    ≡ƒöÄ Debug: Determined Type: "series"

      at getMeta (src/node/meta.ts:73:13)

  console.log
    ≡ƒô║ Detected Series content, using season extractor...

      at getMeta (src/node/meta.ts:117:15)

  console.log
    DEBUG: Matched Episode "1" in text: "EPiSODE 1..."

      at Element.<anonymous> (src/node/extraction.ts:36:21)

  console.error
    getSearchPosts API error: Error: Search API failed with status: undefined
        at getSearchPosts (C:\Users\abhis\.gemini\antigravity\scratch\New_Movie_streaming\movie-streaming\src\node\posts.ts:54:24)
        at Object.<anonymous> (C:\Users\abhis\.gemini\antigravity\scratch\New_Movie_streaming\movie-streaming\src\node_tests\test-suites.spec.ts:99:29)

    [0m [90m 73 |[39m     [36mreturn[39m catalog[33m;[39m
     [90m 74 |[39m   } [36mcatch[39m (err) {
    [31m[1m>[22m[39m[90m 75 |[39m     console[33m.[39merror([32m"getSearchPosts API error:"[39m[33m,[39m err)[33m;[39m
     [90m    |[39m             [31m[1m^[22m[39m
     [90m 76 |[39m     [36mreturn[39m [][33m;[39m
     [90m 77 |[39m   }
     [90m 78 |[39m }[33m;[39m[0m

      at getSearchPosts (src/node/posts.ts:75:13)
      at Object.<anonymous> (src/node_tests/test-suites.spec.ts:99:29)

  console.error
    getSearchPosts API error: Error: Search API failed with status: undefined
        at getSearchPosts (C:\Users\abhis\.gemini\antigravity\scratch\New_Movie_streaming\movie-streaming\src\node\posts.ts:54:24)
        at Object.<anonymous> (C:\Users\abhis\.gemini\antigravity\scratch\New_Movie_streaming\movie-streaming\src\node_tests\test-suites.spec.ts:119:29)

    [0m [90m 73 |[39m     [36mreturn[39m catalog[33m;[39m
     [90m 74 |[39m   } [36mcatch[39m (err) {
    [31m[1m>[22m[39m[90m 75 |[39m     console[33m.[39merror([32m"getSearchPosts API error:"[39m[33m,[39m err)[33m;[39m
     [90m    |[39m             [31m[1m^[22m[39m
     [90m 76 |[39m     [36mreturn[39m [][33m;[39m
     [90m 77 |[39m   }
     [90m 78 |[39m }[33m;[39m[0m

      at getSearchPosts (src/node/posts.ts:75:13)
      at Object.<anonymous> (src/node_tests/test-suites.spec.ts:119:29)

node.exe : FAIL src/node_tests/test-suites.spec.ts
At C:\Program Files\nodejs\npx.ps1:29 char:3
+   & $NODE_EXE $NPX_CLI_JS $args
+   ~~~~~~~~~~~~~~~~~~~~~~~~~~~~~
    + CategoryInfo          : NotSpecified: (FAIL src/node_tests/test-suites.spec.ts:St 
   ring) [], RemoteException
    + FullyQualifiedErrorId : NativeCommandError
 
  Movies Streaming Tests
    getMeta
      ΓêÜ should extract movie metadata correctly (40 ms)
      ΓêÜ should handle series metadata (11 ms)
    getSearchPosts
      ├ù should parse search results correctly (12 ms)
      ΓêÜ should handle empty results (3 ms)

  ΓùÅ Movies Streaming Tests ΓÇ║ getSearchPosts ΓÇ║ should parse search results 
correctly

    expect(received).toBe(expected) // Object.is equality

    Expected: 1
    Received: 0

    [0m [90m 105 |[39m             })[33m;[39m
     [90m 106 |[39m
    [31m[1m>[22m[39m[90m 107 |[39m             
expect(results[33m.[39mlength)[33m.[39mtoBe([35m1[39m)[33m;[39m
     [90m     |[39m                                    [31m[1m^[22m[39m
     [90m 108 |[39m             
expect(results[[35m0[39m][33m.[39mtitle)[33m.[39mtoBe([32m"Test 
Movie"[39m)[33m;[39m [90m// "Download" stripped[39m
     [90m 109 |[39m             expect(results[[35m0[39m][33m.[39mlink)[33m.[39m
toBe([32m"https://example.com/post"[39m)[33m;[39m
     [90m 110 |[39m             expect(results[[35m0[39m][33m.[39mimage)[33m.[39
mtoBe([32m"https://example.com/thumb.jpg"[39m)[33m;[39m[0m

      at Object.<anonymous> (src/node_tests/test-suites.spec.ts:107:36)

Test Suites: 1 failed, 1 total
Tests:       1 failed, 3 passed, 4 total
Snapshots:   0 total
Time:        2.248 s, estimated 3 s
Ran all test suites.
