
> movies-streaming@0.1.0 test
> jest

  console.log
    ≡ƒöÄ Debug: Detected Title: "Test Movie (2023)"

      at getMeta (src/node/meta.ts:51:13)

  console.log
    ≡ƒò╡∩╕ÅΓÇìΓÖÇ∩╕Å Initial check failed, scanning content for episodes...

      at getMeta (src/node/meta.ts:63:15)

  console.log
    ≡ƒöÄ Debug: Determined Type: "movie"

      at getMeta (src/node/meta.ts:73:13)

  console.log
    ≡ƒöÄ Debug: Detected Title: "Test Series Season 1"

      at getMeta (src/node/meta.ts:51:13)

  console.log
    ≡ƒöÄ Debug: Determined Type: "series"

      at getMeta (src/node/meta.ts:73:13)

  console.log
    ≡ƒô║ Detected Series content, using season extractor...

      at getMeta (src/node/meta.ts:117:15)

  console.log
    DEBUG: Matched Episode "1" in text: "EPiSODE 1..."

      at Element.<anonymous> (src/node/extraction.ts:36:21)

node.exe : PASS src/node_tests/test-suites.spec.ts
At C:\Program Files\nodejs\npm.ps1:29 char:3
+   & $NODE_EXE $NPM_CLI_JS $args
+   ~~~~~~~~~~~~~~~~~~~~~~~~~~~~~
    + CategoryInfo          : NotSpecified: (PASS  
   src/node_tests/test-suites.spec.ts:String) [],  
   RemoteException
    + FullyQualifiedErrorId : NativeCommandError
 
  Movies Streaming Tests
    getMeta
      ΓêÜ should extract movie metadata correctly 
(39 ms)
      ΓêÜ should handle series metadata (19 ms)
    getSearchPosts
      ΓêÜ should parse search results correctly (1 
ms)
      ΓêÜ should handle empty results (1 ms)

Test Suites: 1 passed, 1 total
Tests:       4 passed, 4 total
Snapshots:   0 total
Time:        3.401 s
Ran all test suites.
